// Jest Snapshot v1, https://goo.gl/fbAQLP

exports[`Testing Badge component renders as expected 1`] = `ShallowWrapper {}`;

exports[`Testing Badge component renders as expected 2`] = `ShallowWrapper {}`;

exports[`Testing Badge component renders as expected 3`] = `ShallowWrapper {}`;
